This is pdfTeX, Version 3.141592653-2.6-1.40.25 (TeX Live 2023/Debian) (preloaded format=pdflatex 2025.11.11)  29 MAY 2026 23:39
entering extended mode
 restricted \write18 enabled.
 file:line:error style messages enabled.
 %&-line parsing enabled.
**/home/jerryliu930911/Structure-From-Motion/reports/GF4_yhl63_report2.tex
(/home/jerryliu930911/Structure-From-Motion/reports/GF4_yhl63_report2.tex
LaTeX2e <2023-11-01> patch level 1
L3 programming layer <2024-01-22>
(/usr/share/texlive/texmf-dist/tex/latex/base/article.cls
Document Class: article 2023/05/17 v1.4n Standard LaTeX document class
(/usr/share/texlive/texmf-dist/tex/latex/base/size10.clo
File: size10.clo 2023/05/17 v1.4n Standard LaTeX file (size option)
)
\c@part=\count187
\c@section=\count188
\c@subsection=\count189
\c@subsubsection=\count190
\c@paragraph=\count191
\c@subparagraph=\count192
\c@figure=\count193
\c@table=\count194
\abovecaptionskip=\skip48
\belowcaptionskip=\skip49
\bibindent=\dimen140
) (/usr/share/texlive/texmf-dist/tex/latex/base/inputenc.sty
Package: inputenc 2021/02/14 v1.3d Input encoding file
\inpenc@prehook=\toks17
\inpenc@posthook=\toks18
) (/usr/share/texlive/texmf-dist/tex/latex/graphics/graphicx.sty
Package: graphicx 2021/09/16 v1.2d Enhanced LaTeX Graphics (DPC,SPQR)
 (/usr/share/texlive/texmf-dist/tex/latex/graphics/keyval.sty
Package: keyval 2022/05/29 v1.15 key=value parser (DPC)
\KV@toks@=\toks19
) (/usr/share/texlive/texmf-dist/tex/latex/graphics/graphics.sty
Package: graphics 2022/03/10 v1.4e Standard LaTeX Graphics (DPC,SPQR)
 (/usr/share/texlive/texmf-dist/tex/latex/graphics/trig.sty
Package: trig 2021/08/11 v1.11 sin cos tan (DPC)
) (/usr/share/texlive/texmf-dist/tex/latex/graphics-cfg/graphics.cfg
File: graphics.cfg 2016/06/04 v1.11 sample graphics configuration
)
Package graphics Info: Driver file: pdftex.def on input line 107.
 (/usr/share/texlive/texmf-dist/tex/latex/graphics-def/pdftex.def
File: pdftex.def 2022/09/22 v1.2b Graphics/color driver for pdftex
))
\Gin@req@height=\dimen141
\Gin@req@width=\dimen142
) (/usr/share/texlive/texmf-dist/tex/latex/booktabs/booktabs.sty
Package: booktabs 2020/01/12 v1.61803398 Publication quality tables
\heavyrulewidth=\dimen143
\lightrulewidth=\dimen144
\cmidrulewidth=\dimen145
\belowrulesep=\dimen146
\belowbottomsep=\dimen147
\aboverulesep=\dimen148
\abovetopsep=\dimen149
\cmidrulesep=\dimen150
\cmidrulekern=\dimen151
\defaultaddspace=\dimen152
\@cmidla=\count195
\@cmidlb=\count196
\@aboverulesep=\dimen153
\@belowrulesep=\dimen154
\@thisruleclass=\count197
\@lastruleclass=\count198
\@thisrulewidth=\dimen155
) (/usr/share/texlive/texmf-dist/tex/latex/microtype/microtype.sty
Package: microtype 2023/03/13 v3.1a Micro-typographical refinements (RS)
 (/usr/share/texlive/texmf-dist/tex/latex/etoolbox/etoolbox.sty
Package: etoolbox 2020/10/05 v2.5k e-TeX tools for LaTeX (JAW)
\etb@tempcnta=\count199
)
\MT@toks=\toks20
\MT@tempbox=\box51
\MT@count=\count266
LaTeX Info: Redefining \noprotrusionifhmode on input line 1059.
LaTeX Info: Redefining \leftprotrusion on input line 1060.
\MT@prot@toks=\toks21
LaTeX Info: Redefining \rightprotrusion on input line 1078.
LaTeX Info: Redefining \textls on input line 1368.
\MT@outer@kern=\dimen156
LaTeX Info: Redefining \textmicrotypecontext on input line 1988.
\MT@listname@count=\count267
 (/usr/share/texlive/texmf-dist/tex/latex/microtype/microtype-pdftex.def
File: microtype-pdftex.def 2023/03/13 v3.1a Definitions specific to pdftex (RS)
LaTeX Info: Redefining \lsstyle on input line 902.
LaTeX Info: Redefining \lslig on input line 902.
\MT@outer@space=\skip50
)
Package microtype Info: Loading configuration file microtype.cfg.
 (/usr/share/texlive/texmf-dist/tex/latex/microtype/microtype.cfg
File: microtype.cfg 2023/03/13 v3.1a microtype main configuration file (RS)
)) (/usr/share/texlive/texmf-dist/tex/latex/geometry/geometry.sty
Package: geometry 2020/01/02 v5.9 Page Geometry
 (/usr/share/texlive/texmf-dist/tex/generic/iftex/ifvtex.sty
Package: ifvtex 2019/10/25 v1.7 ifvtex legacy package. Use iftex instead.
 (/usr/share/texlive/texmf-dist/tex/generic/iftex/iftex.sty
Package: iftex 2022/02/03 v1.0f TeX engine tests
))
\Gm@cnth=\count268
\Gm@cntv=\count269
\c@Gm@tempcnt=\count270
\Gm@bindingoffset=\dimen157
\Gm@wd@mp=\dimen158
\Gm@odd@mp=\dimen159
\Gm@even@mp=\dimen160
\Gm@layoutwidth=\dimen161
\Gm@layoutheight=\dimen162
\Gm@layouthoffset=\dimen163
\Gm@layoutvoffset=\dimen164
\Gm@dimlist=\toks22
) (/usr/share/texlive/texmf-dist/tex/latex/float/float.sty
Package: float 2001/11/08 v1.3d Float enhancements (AL)
\c@float@type=\count271
\float@exts=\toks23
\float@box=\box52
\@float@everytoks=\toks24
\@floatcapt=\box53
) (/usr/share/texlive/texmf-dist/tex/latex/multirow/multirow.sty
Package: multirow 2021/03/15 v2.8 Span multiple rows of a table
\multirow@colwidth=\skip51
\multirow@cntb=\count272
\multirow@dima=\skip52
\bigstrutjot=\dimen165
) (/usr/share/texlive/texmf-dist/tex/latex/parskip/parskip.sty
Package: parskip 2021-03-14 v2.0h non-zero parskip adjustments
 (/usr/share/texlive/texmf-dist/tex/latex/kvoptions/kvoptions.sty
Package: kvoptions 2022-06-15 v3.15 Key value format for package options (HO)
 (/usr/share/texlive/texmf-dist/tex/generic/ltxcmds/ltxcmds.sty
Package: ltxcmds 2023-12-04 v1.26 LaTeX kernel commands for general use (HO)
) (/usr/share/texlive/texmf-dist/tex/latex/kvsetkeys/kvsetkeys.sty
Package: kvsetkeys 2022-10-05 v1.19 Key value parser (HO)
))) (/usr/share/texlive/texmf-dist/tex/latex/l3backend/l3backend-pdftex.def
File: l3backend-pdftex.def 2024-01-04 L3 backend support: PDF output (pdfTeX)
\l__color_backend_stack_int=\count273
\l__pdf_internal_box=\box54
) (./GF4_yhl63_report2.aux)
\openout1 = `GF4_yhl63_report2.aux'.

LaTeX Font Info:    Checking defaults for OML/cmm/m/it on input line 17.
LaTeX Font Info:    ... okay on input line 17.
LaTeX Font Info:    Checking defaults for OMS/cmsy/m/n on input line 17.
LaTeX Font Info:    ... okay on input line 17.
LaTeX Font Info:    Checking defaults for OT1/cmr/m/n on input line 17.
LaTeX Font Info:    ... okay on input line 17.
LaTeX Font Info:    Checking defaults for T1/cmr/m/n on input line 17.
LaTeX Font Info:    ... okay on input line 17.
LaTeX Font Info:    Checking defaults for TS1/cmr/m/n on input line 17.
LaTeX Font Info:    ... okay on input line 17.
LaTeX Font Info:    Checking defaults for OMX/cmex/m/n on input line 17.
LaTeX Font Info:    ... okay on input line 17.
LaTeX Font Info:    Checking defaults for U/cmr/m/n on input line 17.
LaTeX Font Info:    ... okay on input line 17.
 (/usr/share/texlive/texmf-dist/tex/context/base/mkii/supp-pdf.mkii
[Loading MPS to PDF converter (version 2006.09.02).]
\scratchcounter=\count274
\scratchdimen=\dimen166
\scratchbox=\box55
\nofMPsegments=\count275
\nofMParguments=\count276
\everyMPshowfont=\toks25
\MPscratchCnt=\count277
\MPscratchDim=\dimen167
\MPnumerator=\count278
\makeMPintoPDFobject=\count279
\everyMPtoPDFconversion=\toks26
) (/usr/share/texlive/texmf-dist/tex/latex/epstopdf-pkg/epstopdf-base.sty
Package: epstopdf-base 2020-01-24 v2.11 Base part for package epstopdf
Package epstopdf-base Info: Redefining graphics rule for `.eps' on input line 485.
 (/usr/share/texlive/texmf-dist/tex/latex/latexconfig/epstopdf-sys.cfg
File: epstopdf-sys.cfg 2010/07/13 v1.3 Configuration of (r)epstopdf for TeX Live
))
LaTeX Info: Redefining \microtypecontext on input line 17.
Package microtype Info: Applying patch `item' on input line 17.
Package microtype Info: Applying patch `toc' on input line 17.
Package microtype Info: Applying patch `eqnum' on input line 17.
Package microtype Info: Applying patch `footnote' on input line 17.
Package microtype Info: Applying patch `verbatim' on input line 17.
Package microtype Info: Generating PDF output.
Package microtype Info: Character protrusion enabled (level 2).
Package microtype Info: Using default protrusion set `alltext'.
Package microtype Info: Automatic font expansion enabled (level 2),
(microtype)             stretch: 20, shrink: 20, step: 1, non-selected.
Package microtype Info: Using default expansion set `alltext-nott'.
LaTeX Info: Redefining \showhyphens on input line 17.
Package microtype Info: No adjustment of tracking.
Package microtype Info: No adjustment of interword spacing.
Package microtype Info: No adjustment of character kerning.
 (/usr/share/texlive/texmf-dist/tex/latex/microtype/mt-cmr.cfg
File: mt-cmr.cfg 2013/05/19 v2.2 microtype config. file: Computer Modern Roman (RS)
)
*geometry* driver: auto-detecting
*geometry* detected driver: pdftex
*geometry* verbose mode - [ preamble ] result:
* driver: pdftex
* paper: a4paper
* layout: <same size as paper>
* layoutoffset:(h,v)=(0.0pt,0.0pt)
* modes: 
* h-part:(L,W,R)=(52.03448pt, 493.4389pt, 52.03448pt)
* v-part:(T,H,B)=(46.97505pt, 751.09674pt, 46.97505pt)
* \paperwidth=597.50787pt
* \paperheight=845.04684pt
* \textwidth=493.4389pt
* \textheight=751.09674pt
* \oddsidemargin=-20.2355pt
* \evensidemargin=-20.2355pt
* \topmargin=-62.29494pt
* \headheight=12.0pt
* \headsep=25.0pt
* \topskip=10.0pt
* \footskip=30.0pt
* \marginparwidth=57.0pt
* \marginparsep=11.0pt
* \columnsep=10.0pt
* \skip\footins=9.0pt plus 4.0pt minus 2.0pt
* \hoffset=0.0pt
* \voffset=0.0pt
* \mag=1000
* \@twocolumnfalse
* \@twosidefalse
* \@mparswitchfalse
* \@reversemarginfalse
* (1in=72.27pt=25.4mm, 1cm=28.453pt)

LaTeX Font Info:    External font `cmex10' loaded for size
(Font)              <12> on input line 18.
LaTeX Font Info:    External font `cmex10' loaded for size
(Font)              <8> on input line 18.
LaTeX Font Info:    External font `cmex10' loaded for size
(Font)              <6> on input line 18.
LaTeX Font Info:    External font `cmex10' loaded for size
(Font)              <7> on input line 24.
LaTeX Font Info:    External font `cmex10' loaded for size
(Font)              <5> on input line 24.
</home/jerryliu930911/Structure-From-Motion/out/test_pair/keypoints_1.png, id=1, 1606.0pt x 905.3825pt>
File: /home/jerryliu930911/Structure-From-Motion/out/test_pair/keypoints_1.png Graphic file (type png)
<use /home/jerryliu930911/Structure-From-Motion/out/test_pair/keypoints_1.png>
Package pdftex.def Info: /home/jerryliu930911/Structure-From-Motion/out/test_pair/keypoints_1.png  used on input line 50.
(pdftex.def)             Requested size: 231.91689pt x 130.7314pt.
</home/jerryliu930911/Structure-From-Motion/out/test_pair/keypoints_2.png, id=2, 1606.0pt x 905.3825pt>
File: /home/jerryliu930911/Structure-From-Motion/out/test_pair/keypoints_2.png Graphic file (type png)
<use /home/jerryliu930911/Structure-From-Motion/out/test_pair/keypoints_2.png>
Package pdftex.def Info: /home/jerryliu930911/Structure-From-Motion/out/test_pair/keypoints_2.png  used on input line 53.
(pdftex.def)             Requested size: 231.91689pt x 130.7314pt.
LaTeX Font Info:    External font `cmex10' loaded for size
(Font)              <9> on input line 71.
</home/jerryliu930911/Structure-From-Motion/out/test_pair/matches_raw.png, id=3, 3212.0pt x 905.3825pt>
File: /home/jerryliu930911/Structure-From-Motion/out/test_pair/matches_raw.png Graphic file (type png)
<use /home/jerryliu930911/Structure-From-Motion/out/test_pair/matches_raw.png>
Package pdftex.def Info: /home/jerryliu930911/Structure-From-Motion/out/test_pair/matches_raw.png  used on input line 91.
(pdftex.def)             Requested size: 231.91689pt x 65.3588pt.
</home/jerryliu930911/Structure-From-Motion/out/test_pair/matches_filtered.png, id=4, 3212.0pt x 905.3825pt>
File: /home/jerryliu930911/Structure-From-Motion/out/test_pair/matches_filtered.png Graphic file (type png)
<use /home/jerryliu930911/Structure-From-Motion/out/test_pair/matches_filtered.png>
Package pdftex.def Info: /home/jerryliu930911/Structure-From-Motion/out/test_pair/matches_filtered.png  used on input line 94.
(pdftex.def)             Requested size: 231.91689pt x 65.3588pt.
[1

{/var/lib/texmf/fonts/map/pdftex/updmap/pdftex.map} </home/jerryliu930911/Structure-From-Motion/out/test_pair/keypoints_1.png (PNG copy)> </home/jerryliu930911/Structure-From-Motion/out/test_pair/keypoints_2.png (PNG copy)>]
</home/jerryliu930911/Structure-From-Motion/out/test_pair/matches_inliers.png, id=19, 3212.0pt x 905.3825pt>
File: /home/jerryliu930911/Structure-From-Motion/out/test_pair/matches_inliers.png Graphic file (type png)
<use /home/jerryliu930911/Structure-From-Motion/out/test_pair/matches_inliers.png>
Package pdftex.def Info: /home/jerryliu930911/Structure-From-Motion/out/test_pair/matches_inliers.png  used on input line 112.
(pdftex.def)             Requested size: 246.71945pt x 69.53093pt.
</home/jerryliu930911/Structure-From-Motion/out/test_pair/epipolar_lines.png, id=20, 867.24pt x 433.62pt>
File: /home/jerryliu930911/Structure-From-Motion/out/test_pair/epipolar_lines.png Graphic file (type png)
<use /home/jerryliu930911/Structure-From-Motion/out/test_pair/epipolar_lines.png>
Package pdftex.def Info: /home/jerryliu930911/Structure-From-Motion/out/test_pair/epipolar_lines.png  used on input line 115.
(pdftex.def)             Requested size: 345.40572pt x 172.70387pt.
</home/jerryliu930911/Structure-From-Motion/out/bad_pair/matches_inliers.png, id=22, 3212.0pt x 905.3825pt>
File: /home/jerryliu930911/Structure-From-Motion/out/bad_pair/matches_inliers.png Graphic file (type png)
<use /home/jerryliu930911/Structure-From-Motion/out/bad_pair/matches_inliers.png>
Package pdftex.def Info: /home/jerryliu930911/Structure-From-Motion/out/bad_pair/matches_inliers.png  used on input line 134.
(pdftex.def)             Requested size: 231.91689pt x 65.3588pt.
</home/jerryliu930911/Structure-From-Motion/out/bad_pair/epipolar_lines.png, id=23, 867.24pt x 433.62pt>
File: /home/jerryliu930911/Structure-From-Motion/out/bad_pair/epipolar_lines.png Graphic file (type png)
<use /home/jerryliu930911/Structure-From-Motion/out/bad_pair/epipolar_lines.png>
Package pdftex.def Info: /home/jerryliu930911/Structure-From-Motion/out/bad_pair/epipolar_lines.png  used on input line 137.
(pdftex.def)             Requested size: 231.91689pt x 115.95415pt.
 [2 </home/jerryliu930911/Structure-From-Motion/out/test_pair/matches_raw.png (PNG copy)> </home/jerryliu930911/Structure-From-Motion/out/test_pair/matches_filtered.png (PNG copy)> </home/jerryliu930911/Structure-From-Motion/out/test_pair/matches_inliers.png (PNG copy)> </home/jerryliu930911/Structure-From-Motion/out/test_pair/epipolar_lines.png> </home/jerryliu930911/Structure-From-Motion/out/bad_pair/matches_inliers.png (PNG copy)> </home/jerryliu930911/Structure-From-Motion/out/bad_pair/epipolar_lines.png>]
</home/jerryliu930911/Structure-From-Motion/out/dataset-partial-doge/match_graph.png, id=29, 722.7pt x 578.16pt>
File: /home/jerryliu930911/Structure-From-Motion/out/dataset-partial-doge/match_graph.png Graphic file (type png)
<use /home/jerryliu930911/Structure-From-Motion/out/dataset-partial-doge/match_graph.png>
Package pdftex.def Info: /home/jerryliu930911/Structure-From-Motion/out/dataset-partial-doge/match_graph.png  used on input line 216.
(pdftex.def)             Requested size: 236.84856pt x 189.47891pt.
Package microtype Info: Loading generic protrusion settings for font family
(microtype)             `cmtt' (encoding: OT1).
(microtype)             For optimal results, create family-specific settings.
(microtype)             See the microtype manual for details.
 [3 </home/jerryliu930911/Structure-From-Motion/out/dataset-partial-doge/match_graph.png>]
LaTeX Font Info:    Font shape `OT1/cmtt/bx/n' in size <10> not available
(Font)              Font shape `OT1/cmtt/m/n' tried instead on input line 244.
 [4{/usr/share/texmf/fonts/enc/dvips/cm-super/cm-super-ts1.enc}] (./GF4_yhl63_report2.aux)
 ***********
LaTeX2e <2023-11-01> patch level 1
L3 programming layer <2024-01-22>
 ***********
 ) 
Here is how much of TeX's memory you used:
 4989 strings out of 474222
 84862 string characters out of 5748732
 1935975 words of memory out of 5000000
 27063 multiletter control sequences out of 15000+600000
 569909 words of font info for 135 fonts, out of 8000000 for 9000
 1141 hyphenation exceptions out of 8191
 57i,10n,65p,1065b,353s stack positions out of 10000i,1000n,20000p,200000b,200000s
</usr/share/texlive/texmf-dist/fonts/type1/public/amsfonts/cm/cmbx10.pfb></usr/share/texlive/texmf-dist/fonts/type1/public/amsfonts/cm/cmbx12.pfb></usr/share/texlive/texmf-dist/fonts/type1/public/amsfonts/cm/cmbx9.pfb></usr/share/texlive/texmf-dist/fonts/type1/public/amsfonts/cm/cmmi10.pfb></usr/share/texlive/texmf-dist/fonts/type1/public/amsfonts/cm/cmmi9.pfb></usr/share/texlive/texmf-dist/fonts/type1/public/amsfonts/cm/cmr10.pfb></usr/share/texlive/texmf-dist/fonts/type1/public/amsfonts/cm/cmr12.pfb></usr/share/texlive/texmf-dist/fonts/type1/public/amsfonts/cm/cmr17.pfb></usr/share/texlive/texmf-dist/fonts/type1/public/amsfonts/cm/cmr8.pfb></usr/share/texlive/texmf-dist/fonts/type1/public/amsfonts/cm/cmr9.pfb></usr/share/texlive/texmf-dist/fonts/type1/public/amsfonts/cm/cmsy10.pfb></usr/share/texlive/texmf-dist/fonts/type1/public/amsfonts/cm/cmsy6.pfb></usr/share/texlive/texmf-dist/fonts/type1/public/amsfonts/cm/cmsy7.pfb></usr/share/texlive/texmf-dist/fonts/type1/public/amsfonts/cm/cmsy9.pfb></usr/share/texlive/texmf-dist/fonts/type1/public/amsfonts/cm/cmti9.pfb></usr/share/texlive/texmf-dist/fonts/type1/public/amsfonts/cm/cmtt10.pfb></usr/share/texlive/texmf-dist/fonts/type1/public/amsfonts/cm/cmtt9.pfb></usr/share/texmf/fonts/type1/public/cm-super/sfrm1000.pfb>
Output written on GF4_yhl63_report2.pdf (4 pages, 20598440 bytes).
PDF statistics:
 121 PDF objects out of 1000 (max. 8388607)
 66 compressed objects within 1 object stream
 0 named destinations out of 1000 (max. 500000)
 39982 words of extra memory for PDF output out of 42996 (max. 10000000)

